
> hostelhub@1.0.0 build
> next build

  ▲ Next.js 14.2.35

   Creating an optimized production build ...
 ✓ Compiled successfully
   Linting and checking validity of types ...
   Collecting page data ...
   Generating static pages (0/33) ...
   Generating static pages (8/33) 
   Generating static pages (16/33) 
   Generating static pages (24/33) 
 ✓ Generating static pages (33/33)
   Finalizing page optimization ...
   Collecting build traces ...

Route (app)                              Size     First Load JS
┌ ○ /                                    3.75 kB         200 kB
├ ○ /_not-found                          876 B          88.2 kB
├ ○ /admin                               3.97 kB         175 kB
├ ○ /admin/admissions                    5.71 kB         177 kB
├ ○ /admin/colleges                      5.05 kB         154 kB
├ ○ /admin/complaints                    5.99 kB         177 kB
├ ○ /admin/gatepass                      2.5 kB          177 kB
├ ○ /admin/headcount                     2.83 kB         174 kB
├ ○ /admin/inventory                     5.45 kB         177 kB
├ ○ /admin/logs                          2.77 kB         137 kB
├ ○ /admin/menu                          76.2 kB         248 kB
├ ○ /admin/operators                     4.95 kB         135 kB
├ ○ /admin/rewards                       6.08 kB         177 kB
├ ƒ /api/otp/send                        0 B                0 B
├ ƒ /api/otp/verify                      0 B                0 B
├ ○ /auth/admin                          4.18 kB         203 kB
├ ○ /auth/mess                           4.25 kB         203 kB
├ ○ /auth/student                        6.86 kB         209 kB
├ ○ /dashboard                           6.66 kB         178 kB
├ ○ /dashboard/book                      2.84 kB         178 kB
├ ○ /dashboard/complaints                12.2 kB         211 kB
├ ○ /dashboard/leaderboard               2.51 kB         138 kB
├ ○ /dashboard/ledger                    5.6 kB          177 kB
├ ○ /dashboard/mess                      5.54 kB         177 kB
├ ○ /dashboard/plate                     6.12 kB         177 kB
├ ○ /dashboard/rate                      5.22 kB         177 kB
├ ○ /dashboard/rewards                   6.35 kB         193 kB
├ ○ /dashboard/wallet                    5.25 kB         177 kB
├ ○ /hostels                             7.23 kB         212 kB
├ ○ /mess-operator                       5.99 kB         160 kB
└ ○ /onboard                             8.49 kB         213 kB
+ First Load JS shared by all            87.3 kB
  ├ chunks/2117-23a6e48423cca72c.js      31.7 kB
  ├ chunks/fd9d1056-3d437c04970bfcdb.js  53.6 kB
  └ other shared chunks (total)          1.96 kB


ƒ Middleware                             27.2 kB

○  (Static)   prerendered as static content
ƒ  (Dynamic)  server-rendered on demand

