
> hostelhub@1.0.0 build
> next build

  ▲ Next.js 14.2.35

   Creating an optimized production build ...
 ✓ Compiled successfully
   Linting and checking validity of types ...
   Collecting page data ...
   Generating static pages (0/26) ...
   Generating static pages (6/26) 
   Generating static pages (12/26) 
   Generating static pages (19/26) 
 ✓ Generating static pages (26/26)
   Finalizing page optimization ...
   Collecting build traces ...

Route (app)                              Size     First Load JS
┌ ○ /                                    3.5 kB          199 kB
├ ○ /_not-found                          876 B          88.2 kB
├ ○ /admin                               3.97 kB         175 kB
├ ○ /admin/admissions                    5.71 kB         177 kB
├ ○ /admin/complaints                    5.99 kB         177 kB
├ ○ /admin/gatepass                      2.5 kB          177 kB
├ ○ /admin/headcount                     2.83 kB         174 kB
├ ○ /admin/inventory                     5.45 kB         176 kB
├ ○ /admin/menu                          76.2 kB         247 kB
├ ○ /admin/rewards                       6.08 kB         177 kB
├ ○ /auth/admin                          4.17 kB         203 kB
├ ○ /auth/student                        6.8 kB          206 kB
├ ○ /dashboard                           6.52 kB         177 kB
├ ○ /dashboard/book                      2.84 kB         177 kB
├ ○ /dashboard/complaints                12 kB           211 kB
├ ○ /dashboard/leaderboard               2.51 kB         138 kB
├ ○ /dashboard/ledger                    5.6 kB          177 kB
├ ○ /dashboard/mess                      5.39 kB         176 kB
├ ○ /dashboard/plate                     6.04 kB         177 kB
├ ○ /dashboard/rate                      5.22 kB         176 kB
├ ○ /dashboard/rewards                   6.26 kB         192 kB
├ ○ /dashboard/wallet                    5.25 kB         176 kB
├ ○ /hostels                             6.86 kB         211 kB
└ ○ /onboard                             8.11 kB         212 kB
+ First Load JS shared by all            87.3 kB
  ├ chunks/2117-23a6e48423cca72c.js      31.7 kB
  ├ chunks/fd9d1056-3d437c04970bfcdb.js  53.6 kB
  └ other shared chunks (total)          1.96 kB


ƒ Middleware                             27.1 kB

○  (Static)  prerendered as static content

