src/app/admin/inventory/page.tsx(132,67): error TS2339: Property 'n' does not exist on type '{ optMeal: (mealId: string, choice: "optin" | "optout") => RewardTxn | null; rateMeal: (mealId: string, stats: Omit<RateStats, "count">) => RewardTxn | null; ... 43 more ...; gatepasses: GatePass[]; }'.
src/app/dashboard/plate/page.tsx(180,74): error TS2339: Property 'n' does not exist on type '{ optMeal: (mealId: string, choice: "optin" | "optout") => RewardTxn | null; rateMeal: (mealId: string, stats: Omit<RateStats, "count">) => RewardTxn | null; ... 43 more ...; gatepasses: GatePass[]; }'.
